impl,threads,median,r1,r2,r3,r4,r5
single T=1: count=14895999502 p50=8 p99=892
single,1,499.42,490.83,501.16,499.42,492.65,499.55
empty T=1: count=0 p50=0 p99=0
empty,1,411.63,413.29,410.14,410.18,423.26,411.63
empty T=2: count=0 p50=0 p99=0
empty,2,32.30,33.02,32.30,32.70,31.02,31.55
empty T=4: count=0 p50=0 p99=0
empty,4,26.68,26.68,26.76,26.61,26.52,26.79
empty T=6: count=0 p50=0 p99=0
empty,6,27.34,28.91,28.11,25.94,24.71,27.34
empty T=8: count=0 p50=0 p99=0
empty,8,27.41,27.46,27.24,27.41,27.14,27.56
empty T=12: count=0 p50=0 p99=0
empty,12,26.54,26.70,26.60,26.54,25.76,26.23
sync T=1: count=10892079890 p50=8 p99=892
sync,1,361.79,358.90,363.57,361.02,366.74,361.79
sync T=2: count=1096926369 p50=8 p99=892
sync,2,36.11,37.23,37.47,36.11,35.90,35.26
sync T=4: count=758776056 p50=8 p99=892
sync,4,25.52,26.29,24.41,26.00,24.83,25.52
sync T=6: count=776510663 p50=8 p99=892
sync,6,26.33,25.33,25.19,26.46,26.33,26.97
sync T=8: count=767230442 p50=8 p99=892
sync,8,25.65,25.05,25.65,26.21,25.62,26.05
sync T=12: count=809906864 p50=8 p99=892
sync,12,26.63,27.44,27.37,26.63,26.24,26.39
striped T=1: count=7479443424 p50=8 p99=892
striped,1,250.10,248.11,253.14,250.10,251.80,240.67
striped T=2: count=607609653 p50=8 p99=892
striped,2,20.32,19.72,20.32,18.84,20.43,22.25
striped T=4: count=380119046 p50=8 p99=892
striped,4,12.55,12.55,12.85,13.23,12.50,12.53
striped T=6: count=498105728 p50=8 p99=892
striped,6,17.04,15.77,14.88,18.83,17.04,18.54
striped T=8: count=511426766 p50=8 p99=892
striped,8,17.22,17.26,17.00,17.22,16.62,17.33
striped T=12: count=447796967 p50=8 p99=892
striped,12,15.14,15.24,14.93,15.14,14.78,15.29
threadlocal T=1: count=10730713834 p50=8 p99=892
threadlocal,1,362.35,316.34,363.73,358.42,371.07,362.35
threadlocal T=2: count=21548463257 p50=8 p99=892
threadlocal,2,726.86,694.10,730.07,710.91,728.42,726.86
threadlocal T=4: count=40661899107 p50=8 p99=892
threadlocal,4,1359.68,1389.61,1359.68,1332.48,1366.14,1263.93
threadlocal T=6: count=52658853857 p50=8 p99=892
threadlocal,6,1739.54,1629.10,1739.54,1740.52,1834.58,1721.74
threadlocal T=8: count=55285720396 p50=8 p99=892
threadlocal,8,1820.44,1949.02,1748.39,1872.34,1761.81,1820.44
threadlocal T=12: count=61958855658 p50=8 p99=892
threadlocal,12,2089.08,1889.36,2152.40,2097.46,2089.08,2040.96
double T=1: count=7515078762 p50=8 p99=892
double,1,248.59,233.43,248.59,247.07,259.34,254.68
double T=2: count=15091618538 p50=8 p99=892
double,2,511.63,476.07,511.63,511.84,519.15,503.43
double T=4: count=29836475937 p50=8 p99=892
double,4,998.25,994.12,937.19,1015.29,998.25,1007.35
double T=6: count=41584046751 p50=8 p99=892
double,6,1452.23,1319.48,1311.10,1452.23,1480.63,1455.08
double T=8: count=45417343398 p50=8 p99=892
double,8,1502.47,1502.47,1549.30,1520.17,1490.55,1474.46
double T=12: count=48000584131 p50=8 p99=892
double,12,1617.70,1520.14,1606.68,1631.09,1617.70,1625.78
